{
  "info": {
    "title": "Security Server API",
    "version": "v1.0",
    "description": "This API is secured by an OAuth auth code. Simply click 'Authorize' to start the flow."
  },
  "tags": [
  ],
  "paths": {
    "/api/bye": {
      "post": {
        "summary": "User exits the building",
        "description": null,
        "tags": [
          "/api"
        ],
        "parameters": [
          {
            "schema": {
              "type": "string"
            },
            "in": "query",
            "name": "username",
            "required": true,
            "description": null
          }
        ],
        "responses": {
          "202": {
            "description": "Accepted",
            "content": {
              "application/json": {
                "example": {
                  "message": "processing"
                },
                "schema": {
                  "$ref": "#/components/schemas/Message",
                  "description": null,
                  "example": null
                }
              }
            }
          },
          "404": {
            "description": "Not Found",
            "content": {
              "application/json": {
                "example": {
                  "message": "User is not inside building"
                },
                "schema": {
                  "$ref": "#/components/schemas/Message",
                  "description": null,
                  "example": null
                }
              }
            }
          },
          "401": {
            "description": "Incorrect key",
            "content": {
            }
          }
        },
        "security": [
          {
            "oauthSecurityAuthCode": [
            ]
          }
        ],
        "operationId": "postApiBye",
        "deprecated": false
      }
    },
    "/api/knock": {
      "post": {
        "summary": "User enters the building",
        "description": null,
        "tags": [
          "/api"
        ],
        "parameters": [
          {
            "schema": {
              "type": "string"
            },
            "in": "query",
            "name": "username",
            "required": true,
            "description": null
          }
        ],
        "responses": {
          "202": {
            "description": "Accepted",
            "content": {
              "application/json": {
                "example": {
                  "message": "Access granted"
                },
                "schema": {
                  "$ref": "#/components/schemas/Message",
                  "description": null,
                  "example": null
                }
              }
            }
          },
          "404": {
            "description": "Not Found",
            "content": {
              "application/json": {
                "example": {
                  "message": "Unknown user"
                },
                "schema": {
                  "$ref": "#/components/schemas/Message",
                  "description": null,
                  "example": null
                }
              }
            }
          },
          "409": {
            "description": "Conflict",
            "content": {
              "application/json": {
                "example": {
                  "message": "User is already inside building"
                },
                "schema": {
                  "$ref": "#/components/schemas/Message",
                  "description": null,
                  "example": null
                }
              }
            }
          },
          "401": {
            "description": "Incorrect key",
            "content": {
            }
          }
        },
        "security": [
          {
            "oauthSecurityAuthCode": [
            ]
          }
        ],
        "operationId": "postApiKnock",
        "deprecated": false
      }
    },
    "/api/whoIsThere": {
      "get": {
        "summary": "List current users in the building",
        "description": null,
        "tags": [
          "/api"
        ],
        "parameters": [
        ],
        "responses": {
          "200": {
            "description": "Inhabitant list",
            "content": {
              "application/json": {
                "example": [
                  {
                    "id": {
                      "value": 1
                    },
                    "name": {
                      "value": "A user"
                    },
                    "email": {
                      "value": "user@bob.com"
                    }
                  }
                ],
                "schema": {
                  "items": {
                    "oneOf": [
                      {
                        "$ref": "#/components/schemas/User"
                      }
                    ]
                  },
                  "example": [
                    {
                      "id": {
                        "value": 1
                      },
                      "name": {
                        "value": "A user"
                      },
                      "email": {
                        "value": "user@bob.com"
                      }
                    }
                  ],
                  "description": null,
                  "type": "array"
                }
              }
            }
          }
        },
        "security": [
          {
            "oauthSecurityAuthCode": [
            ]
          }
        ],
        "operationId": "getApiWhoIsThere",
        "deprecated": false
      }
    }
  },
  "components": {
    "schemas": {
      "Message": {
        "properties": {
          "message": {
            "example": "User is not inside building",
            "description": null,
            "type": "string"
          }
        },
        "example": {
          "message": "User is not inside building"
        },
        "description": null,
        "type": "object",
        "required": [
          "message"
        ]
      },
      "User": {
        "properties": {
          "id": {
            "$ref": "#/components/schemas/Id",
            "description": null,
            "example": null
          },
          "name": {
            "$ref": "#/components/schemas/Username",
            "description": null,
            "example": null
          },
          "email": {
            "$ref": "#/components/schemas/EmailAddress",
            "description": null,
            "example": null
          }
        },
        "example": {
          "id": {
            "value": 1
          },
          "name": {
            "value": "A user"
          },
          "email": {
            "value": "user@bob.com"
          }
        },
        "description": null,
        "type": "object",
        "required": [
          "email",
          "id",
          "name"
        ]
      },
      "Id": {
        "properties": {
          "value": {
            "example": 1,
            "description": null,
            "type": "number"
          }
        },
        "example": {
          "value": 1
        },
        "description": null,
        "type": "object",
        "required": [
          "value"
        ]
      },
      "Username": {
        "properties": {
          "value": {
            "example": "A user",
            "description": null,
            "type": "string"
          }
        },
        "example": {
          "value": "A user"
        },
        "description": null,
        "type": "object",
        "required": [
          "value"
        ]
      },
      "EmailAddress": {
        "properties": {
          "value": {
            "example": "user@bob.com",
            "description": null,
            "type": "string"
          }
        },
        "example": {
          "value": "user@bob.com"
        },
        "description": null,
        "type": "object",
        "required": [
          "value"
        ]
      }
    },
    "securitySchemes": {
      "oauthSecurityAuthCode": {
        "type": "oauth2",
        "flows": {
          "authorizationCode": {
            "authorizationUrl": "http://oauth/",
            "tokenUrl": "http://oauth/oauth2/token",
            "scopes": {
            }
          }
        }
      }
    }
  },
  "openapi": "3.0.0"
}