{
  "info": {
    "title": "Security server API - the API key is 'realSecret'!",
    "version": "v1.0",
    "description": null
  },
  "tags": [
  ],
  "paths": {
    "/api/bye": {
      "post": {
        "summary": "User exits the building",
        "description": null,
        "tags": [
          "/api"
        ],
        "parameters": [
          {
            "schema": {
              "type": "string"
            },
            "in": "query",
            "name": "username",
            "required": true,
            "description": null
          }
        ],
        "requestBody": {
          "content": {
          },
          "required": false
        },
        "responses": {
          "202": {
            "description": "Exit granted",
            "content": {
            }
          },
          "404": {
            "description": "User is not inside building",
            "content": {
            }
          },
          "401": {
            "description": "Incorrect key",
            "content": {
            }
          }
        },
        "security": [
          {
            "api_key": [
            ]
          }
        ],
        "operationId": null
      }
    },
    "/api/knock": {
      "post": {
        "summary": "User enters the building",
        "description": null,
        "tags": [
          "/api"
        ],
        "parameters": [
          {
            "schema": {
              "type": "string"
            },
            "in": "query",
            "name": "username",
            "required": true,
            "description": null
          }
        ],
        "requestBody": {
          "content": {
          },
          "required": false
        },
        "responses": {
          "202": {
            "description": "Access granted",
            "content": {
            }
          },
          "404": {
            "description": "Unknown user",
            "content": {
            }
          },
          "409": {
            "description": "User is already inside building",
            "content": {
            }
          },
          "401": {
            "description": "Incorrect key",
            "content": {
            }
          }
        },
        "security": [
          {
            "api_key": [
            ]
          }
        ],
        "operationId": null
      }
    },
    "/api/whoIsThere": {
      "get": {
        "summary": "List current users in the building",
        "description": null,
        "tags": [
          "/api"
        ],
        "parameters": [
        ],
        "requestBody": {
          "content": {
          },
          "required": false
        },
        "responses": {
          "200": {
            "description": "Inhabitant list",
            "content": {
              "application/json": {
                "example": [
                  {
                    "id": {
                      "value": 1
                    },
                    "name": {
                      "value": "A user"
                    },
                    "email": {
                      "value": "user@bob.com"
                    }
                  }
                ],
                "schema": {
                  "type": "array",
                  "required": true,
                  "items": {
                    "$ref": "#/components/schemas/urn:jsonschema:verysecuresystems:User"
                  }
                }
              }
            }
          }
        },
        "security": [
          {
            "api_key": [
            ]
          }
        ],
        "operationId": null
      }
    }
  },
  "components": {
    "schemas": {
      "urn:jsonschema:verysecuresystems:User": {
        "type": "object",
        "id": "urn:jsonschema:verysecuresystems:User",
        "properties": {
          "id": {
            "type": "object",
            "id": "urn:jsonschema:verysecuresystems:Id",
            "required": true,
            "properties": {
              "value": {
                "type": "integer",
                "required": true
              }
            }
          },
          "name": {
            "type": "object",
            "id": "urn:jsonschema:verysecuresystems:Username",
            "required": true,
            "properties": {
              "value": {
                "type": "string",
                "required": true
              }
            }
          },
          "email": {
            "type": "object",
            "id": "urn:jsonschema:verysecuresystems:EmailAddress",
            "required": true,
            "properties": {
              "value": {
                "type": "string",
                "required": true
              }
            }
          }
        }
      }
    },
    "securitySchemes": {
      "api_key": {
        "type": "apiKey",
        "in": "header",
        "name": "key"
      }
    }
  },
  "openapi": "3.0.0"
}