<html>
<head>
    <link href="/style.css" rel="stylesheet" type="text/css"/>
</head>
<body>
<p>Known users are:</p>
<table>
    <tbody>
    
    </tbody>
</table>

<br/>
<b>Add a user:</b>
<ul class="errors">
    
</ul>
<form method="POST" id="createUserForm" action="/users/create">
    <label for="username">username: <input id="username" type="text" name="username"/></label>
    <label for="email">email: <input id="email" type="text" name="email"/></label>
    <button>add new user</button>
</form>
</body>
</html>

